#
# There is insufficient memory for the Java Runtime Environment to continue.
# Native memory allocation (mmap) failed to map 6225920 bytes for G1 virtual space
# Possible reasons:
#   The system is out of physical RAM or swap space
#   The process is running with CompressedOops enabled, and the Java Heap may be blocking the growth of the native heap
# Possible solutions:
#   Reduce memory load on the system
#   Increase physical memory or swap space
#   Check if swap backing store is full
#   Decrease Java heap size (-Xmx/-Xms)
#   Decrease number of Java threads
#   Decrease Java thread stack sizes (-Xss)
#   Set larger code cache with -XX:ReservedCodeCacheSize=
#   JVM is running with Zero Based Compressed Oops mode in which the Java heap is
#     placed in the first 32GB address space. The Java Heap base address is the
#     maximum limit for the native heap growth. Please use -XX:HeapBaseMinAddress
#     to set the Java Heap base and to place the Java Heap above 32GB virtual address.
# This output file may be truncated or incomplete.
#
#  Out of Memory Error (os_windows.cpp:3600), pid=33200, tid=7680
#
# JRE version:  (21.0.2+13) (build )
# Java VM: Java HotSpot(TM) 64-Bit Server VM (21.0.2+13-LTS-58, mixed mode, emulated-client, sharing, tiered, compressed oops, compressed class ptrs, g1 gc, windows-amd64)
# No core dump will be written. Minidumps are not enabled by default on client versions of Windows
#

---------------  S U M M A R Y ------------

Command Line: -XX:TieredStopAtLevel=1 -Dspring.output.ansi.enabled=always -Dcom.sun.management.jmxremote -Dspring.jmx.enabled=true -Dspring.liveBeansView.mbeanDomain -Dspring.application.admin.enabled=true -Dmanagement.endpoints.jmx.exposure.include=* -javaagent:D:\IntelliJ IDEA 2024.1\lib\idea_rt.jar=52538:D:\IntelliJ IDEA 2024.1\bin -Dfile.encoding=UTF-8 -Dsun.stdout.encoding=UTF-8 -Dsun.stderr.encoding=UTF-8 com.kynn.reevo_backend.ReevoBackendApplication

Host: 11th Gen Intel(R) Core(TM) i5-11400H @ 2.70GHz, 12 cores, 23G,  Windows 11 , 64 bit Build 26100 (10.0.26100.4484)
Time: Wed Jun  3 22:15:37 2026 SE Asia Standard Time elapsed time: 2.262003 seconds (0d 0h 0m 2s)

---------------  T H R E A D  ---------------

Current thread (0x000002a37efe5d50):  JavaThread "Unknown thread" [_thread_in_vm, id=7680, stack(0x000000c52fd00000,0x000000c52fe00000) (1024K)]

Stack: [0x000000c52fd00000,0x000000c52fe00000]
Native frames: (J=compiled Java code, j=interpreted, Vv=VM code, C=native code)
V  [jvm.dll+0x6cade9]
V  [jvm.dll+0x8569c1]
V  [jvm.dll+0x858d2e]
V  [jvm.dll+0x859413]
V  [jvm.dll+0x280e56]
V  [jvm.dll+0x6c74d5]
V  [jvm.dll+0x6bbeca]
V  [jvm.dll+0x355bca]
V  [jvm.dll+0x35d816]
V  [jvm.dll+0x3ae693]
V  [jvm.dll+0x3ae928]
V  [jvm.dll+0x3295dc]
V  [jvm.dll+0x32a16b]
V  [jvm.dll+0x81efa9]
V  [jvm.dll+0x3bba01]
V  [jvm.dll+0x807928]
V  [jvm.dll+0x44f50e]
V  [jvm.dll+0x450e11]
C  [jli.dll+0x52a3]
C  [ucrtbase.dll+0x37b0]
C  [KERNEL32.DLL+0x2e8d7]
C  [ntdll.dll+0x3c34c]


---------------  P R O C E S S  ---------------

Threads class SMR info:
_java_thread_list=0x00007ff9c6c9bb88, length=0, elements={
}

Java Threads: ( => current thread )
Total: 0

Other Threads:
  0x000002a314230480 WorkerThread "GC Thread#0"                     [id=27052, stack(0x000000c52fe00000,0x000000c52ff00000) (1024K)]
  0x000002a37ff63020 ConcurrentGCThread "G1 Main Marker"            [id=31644, stack(0x000000c52ff00000,0x000000c530000000) (1024K)]
  0x000002a37ff64650 WorkerThread "G1 Conc#0"                       [id=29736, stack(0x000000c530000000,0x000000c530100000) (1024K)]

[error occurred during error reporting (printing all threads), id 0xc0000005, EXCEPTION_ACCESS_VIOLATION (0xc0000005) at pc=0x00007ff9c640c6a7]
VM state: not at safepoint (not fully initialized)

VM Mutex/Monitor currently owned by a thread:  ([mutex/lock_event])
[0x00007ff9c6d0ce68] Heap_lock - owner thread: 0x000002a37efe5d50

Heap address: 0x0000000684400000, size: 6076 MB, Compressed Oops mode: Zero based, Oop shift amount: 3

CDS archive(s) mapped at: [0x0000000000000000-0x0000000000000000-0x0000000000000000), size 0, SharedBaseAddress: 0x0000000800000000, ArchiveRelocationMode: 1.
Narrow klass base: 0x0000000000000000, Narrow klass shift: 0, Narrow klass range: 0x0

GC Precious Log:
 CardTable entry size: 512
 Card Set container configuration: InlinePtr #cards 4 size 8 Array Of Cards #cards 32 size 80 Howl #buckets 8 coarsen threshold 7372 Howl Bitmap #cards 1024 size 144 coarsen threshold 921 Card regions per heap region 1 cards per card region 8192

Heap:
 garbage-first heap   total 0K, used 0K [0x0000000684400000, 0x0000000800000000)
  region size 4096K, 0 young (0K), 0 survivors (0K)

[error occurred during error reporting (printing heap information), id 0xc0000005, EXCEPTION_ACCESS_VIOLATION (0xc0000005) at pc=0x00007ff9c67f39f9]
GC Heap History (0 events):
No events

Dll operation events (1 events):
Event: 0.013 Loaded shared library C:\Program Files\Java\jdk-21\bin\java.dll

Deoptimization events (0 events):
No events

Classes loaded (0 events):
No events

Classes unloaded (0 events):
No events

Classes redefined (0 events):
No events

Internal exceptions (0 events):
No events

ZGC Phase Switch (0 events):
No events

VM Operations (0 events):
No events

Events (0 events):
No events


Dynamic libraries:
0x00007ff6d1d60000 - 0x00007ff6d1d70000 	C:\Program Files\Java\jdk-21\bin\java.exe
0x00007ffa3d460000 - 0x00007ffa3d6c8000 	C:\WINDOWS\SYSTEM32\ntdll.dll
0x00007ffa3bf70000 - 0x00007ffa3c039000 	C:\WINDOWS\System32\KERNEL32.DLL
0x00007ffa3ad70000 - 0x00007ffa3b15d000 	C:\WINDOWS\System32\KERNELBASE.dll
0x00007ffa3a990000 - 0x00007ffa3aadb000 	C:\WINDOWS\System32\ucrtbase.dll
0x00007ffa1fcb0000 - 0x00007ffa1fccb000 	C:\Program Files\Java\jdk-21\bin\VCRUNTIME140.dll
0x00007ffa350f0000 - 0x00007ffa35109000 	C:\Program Files\Java\jdk-21\bin\jli.dll
0x00007ffa3ba70000 - 0x00007ffa3bb24000 	C:\WINDOWS\System32\ADVAPI32.dll
0x00007ffa3ce30000 - 0x00007ffa3ced9000 	C:\WINDOWS\System32\msvcrt.dll
0x00007ffa3cc00000 - 0x00007ffa3cca6000 	C:\WINDOWS\System32\sechost.dll
0x00007ffa3cf60000 - 0x00007ffa3d078000 	C:\WINDOWS\System32\RPCRT4.dll
0x00007ffa3c040000 - 0x00007ffa3c20c000 	C:\WINDOWS\System32\USER32.dll
0x00007ffa3a7e0000 - 0x00007ffa3a807000 	C:\WINDOWS\System32\win32u.dll
0x00007ffa3b840000 - 0x00007ffa3b86b000 	C:\WINDOWS\System32\GDI32.dll
0x00007ffa1d520000 - 0x00007ffa1d7ba000 	C:\WINDOWS\WinSxS\amd64_microsoft.windows.common-controls_6595b64144ccf1df_6.0.26100.4484_none_3e0e6d4ce32ef3b3\COMCTL32.dll
0x00007ffa3ab70000 - 0x00007ffa3aca7000 	C:\WINDOWS\System32\gdi32full.dll
0x00007ffa3a5b0000 - 0x00007ffa3a653000 	C:\WINDOWS\System32\msvcp_win.dll
0x00007ffa30ab0000 - 0x00007ffa30abb000 	C:\WINDOWS\SYSTEM32\VERSION.dll
0x00007ffa3bf30000 - 0x00007ffa3bf5f000 	C:\WINDOWS\System32\IMM32.DLL
0x00007ffa30750000 - 0x00007ffa3075c000 	C:\Program Files\Java\jdk-21\bin\vcruntime140_1.dll
0x00007ffa164d0000 - 0x00007ffa1655e000 	C:\Program Files\Java\jdk-21\bin\msvcp140.dll
0x00007ff9c60d0000 - 0x00007ff9c6de7000 	C:\Program Files\Java\jdk-21\bin\server\jvm.dll
0x00007ffa3cee0000 - 0x00007ffa3cf54000 	C:\WINDOWS\System32\WS2_32.dll
0x00007ffa39170000 - 0x00007ffa391ce000 	C:\WINDOWS\SYSTEM32\POWRPROF.dll
0x00007ffa2c8f0000 - 0x00007ffa2c925000 	C:\WINDOWS\SYSTEM32\WINMM.dll
0x00007ffa39150000 - 0x00007ffa39164000 	C:\WINDOWS\SYSTEM32\UMPDC.dll
0x00007ffa39430000 - 0x00007ffa3944b000 	C:\WINDOWS\SYSTEM32\kernel.appcore.dll
0x00007ffa24360000 - 0x00007ffa2436a000 	C:\Program Files\Java\jdk-21\bin\jimage.dll
0x00007ffa37720000 - 0x00007ffa37961000 	C:\WINDOWS\SYSTEM32\DBGHELP.DLL
0x00007ffa3d090000 - 0x00007ffa3d416000 	C:\WINDOWS\System32\combase.dll
0x00007ffa3be40000 - 0x00007ffa3bf20000 	C:\WINDOWS\System32\OLEAUT32.dll
0x00007ffa1c070000 - 0x00007ffa1c0b3000 	C:\WINDOWS\SYSTEM32\dbgcore.DLL
0x00007ffa3b160000 - 0x00007ffa3b1f9000 	C:\WINDOWS\System32\bcryptPrimitives.dll
0x00007ffa0fc90000 - 0x00007ffa0fc9f000 	C:\Program Files\Java\jdk-21\bin\instrument.dll
0x00007ffa1fc90000 - 0x00007ffa1fcaf000 	C:\Program Files\Java\jdk-21\bin\java.dll

dbghelp: loaded successfully - version: 4.0.5 - missing functions: none
symbol engine: initialized successfully - sym options: 0x614 - pdb path: .;C:\Program Files\Java\jdk-21\bin;C:\WINDOWS\SYSTEM32;C:\WINDOWS\WinSxS\amd64_microsoft.windows.common-controls_6595b64144ccf1df_6.0.26100.4484_none_3e0e6d4ce32ef3b3;C:\Program Files\Java\jdk-21\bin\server

VM Arguments:
jvm_args: -XX:TieredStopAtLevel=1 -Dspring.output.ansi.enabled=always -Dcom.sun.management.jmxremote -Dspring.jmx.enabled=true -Dspring.liveBeansView.mbeanDomain -Dspring.application.admin.enabled=true -Dmanagement.endpoints.jmx.exposure.include=* -javaagent:D:\IntelliJ IDEA 2024.1\lib\idea_rt.jar=52538:D:\IntelliJ IDEA 2024.1\bin -Dfile.encoding=UTF-8 -Dsun.stdout.encoding=UTF-8 -Dsun.stderr.encoding=UTF-8 
java_command: com.kynn.reevo_backend.ReevoBackendApplication
java_class_path (initial): D:\DACN1-Reevo\reevo-backend\Reevo-backend\target\classes;C:\Users\ASUS\.m2\repository\org\springframework\boot\spring-boot-starter-data-jpa\4.0.5\spring-boot-starter-data-jpa-4.0.5.jar;C:\Users\ASUS\.m2\repository\org\springframework\boot\spring-boot-starter\4.0.5\spring-boot-starter-4.0.5.jar;C:\Users\ASUS\.m2\repository\org\springframework\boot\spring-boot-starter-logging\4.0.5\spring-boot-starter-logging-4.0.5.jar;C:\Users\ASUS\.m2\repository\ch\qos\logback\logback-classic\1.5.32\logback-classic-1.5.32.jar;C:\Users\ASUS\.m2\repository\ch\qos\logback\logback-core\1.5.32\logback-core-1.5.32.jar;C:\Users\ASUS\.m2\repository\org\apache\logging\log4j\log4j-to-slf4j\2.25.3\log4j-to-slf4j-2.25.3.jar;C:\Users\ASUS\.m2\repository\org\apache\logging\log4j\log4j-api\2.25.3\log4j-api-2.25.3.jar;C:\Users\ASUS\.m2\repository\org\slf4j\jul-to-slf4j\2.0.17\jul-to-slf4j-2.0.17.jar;C:\Users\ASUS\.m2\repository\org\springframework\boot\spring-boot-autoconfigure\4.0.5\spring-boot-autoconfigure-4.0.5.jar;C:\Users\ASUS\.m2\repository\jakarta\annotation\jakarta.annotation-api\3.0.0\jakarta.annotation-api-3.0.0.jar;C:\Users\ASUS\.m2\repository\org\yaml\snakeyaml\2.5\snakeyaml-2.5.jar;C:\Users\ASUS\.m2\repository\org\springframework\boot\spring-boot-data-jpa\4.0.5\spring-boot-data-jpa-4.0.5.jar;C:\Users\ASUS\.m2\repository\org\springframework\boot\spring-boot-data-commons\4.0.5\spring-boot-data-commons-4.0.5.jar;C:\Users\ASUS\.m2\repository\org\springframework\boot\spring-boot-persistence\4.0.5\spring-boot-persistence-4.0.5.jar;C:\Users\ASUS\.m2\repository\org\springframework\data\spring-data-commons\4.0.4\spring-data-commons-4.0.4.jar;C:\Users\ASUS\.m2\repository\org\springframework\boot\spring-boot-hibernate\4.0.5\spring-boot-hibernate-4.0.5.jar;C:\Users\ASUS\.m2\repository\org\springframework\boot\spring-boot-jpa\4.0.5\spring-boot-jpa-4.0.5.jar;C:\Users\ASUS\.m2\repository\org\hibernate\orm\hibernate-core\7.2.7.Final\hibernate-core-7.2.7.Final.jar;C:\Users\ASUS\.m2\repository\jakarta\transaction\jakarta.transaction-api\2.0.1\jakarta.transaction-api-2.0.1.jar;C:\Users\ASUS\.m2\repository\org\jboss\logging\jboss-logging\3.6.3.Final\jboss-logging-3.6.3.Final.jar;C:\Users\ASUS\.m2\repository\org\hibernate\models\hibernate-models\1.0.1\hibernate-models-1.0.1.jar;C:\Users\ASUS\.m2\repository\com\fasterxml\classmate\1.7.3\classmate-1.7.3.jar;C:\Users\ASUS\.m2\repository\org\glassfish\jaxb\jaxb-runtime\4.0.6\jaxb-runtime-4.0.6.jar;C:\Users\ASUS\.m2\repository\org\glassfish\jaxb\jaxb-core\4.0.6\jaxb-core-4.0.6.jar;C:\Users\ASUS\.m2\repository\org\eclipse\angus\angus-activation\2.0.3\angus-activation-2.0.3.jar;C:\Users\ASUS\.m2\repository\org\glassfish\jaxb\txw2\4.0.6\txw2-4.0.6.jar;C:\Users\ASUS\.m2\repository\com\sun\istack\istack-commons-runtime\4.1.2\istack-commons-runtime-4.1.2.jar;C:\Users\ASUS\.m2\repository\jakarta\inject\jakarta.inject-api\2.0.1\jakarta.inject-api-2.0.1.jar;C:\Users\ASUS\.m2\repository\org\springframework\spring-orm\7.0.6\spring-orm-7.0.6.jar;C:\Users\ASUS\.m2\repository\org\springframework\data\spring-data-jpa\4.0.4\spring-data-jpa-4.0.4.jar;C:\Users\ASUS\.m2\repository\org\antlr\antlr4-runtime\4.13.2\antlr4-runtime-4.13.2.jar;C:\Users\ASUS\.m2\repository\org\springframework\spring-aspects\7.0.6\spring-aspects-7.0.6.jar;C:\Users\ASUS\.m2\repository\org\aspectj\aspectjweaver\1.9.25.1\aspectjweaver-1.9.25.1.jar;C:\Users\ASUS\.m2\repository\org\springframework\boot\spring-boot-jdbc\4.0.5\spring-boot-jdbc-4.0.5.jar;C:\Users\ASUS\.m2\repository\org\springframework\boot\spring-boot\4.0.5\spring-boot-4.0.5.jar;C:\Users\ASUS\.m2\repository\org\springframework\boot\spring-boot-sql\4.0.5\spring-boot-sql-4.0.5.jar;C:\Users\ASUS\.m2\repository\org\springframework\boot\spring-boot-transaction\4.0.5\spring-boot-transaction-4.0.5.jar;C:\Users\ASUS\.m2\repository\org\springframework\spring-jdbc\7.0.6\spring-jdbc-7.0.6.jar;C:\Users\ASUS\.m2\repository\org\springframework\boot\spring-boot-starter-jdbc\4.0.5\spring-boot-starter-jdbc-4.0.5.jar;C:\Users\ASUS\.m2\repository\com\zaxxer\HikariCP\7.0.2\HikariCP-7.0.2.jar;C:\Users\ASUS\.m2\repository\org\springframework\boot\spring-boot-starter-security\4.0.5\spring-boot-starter-security-4.0.5.jar;C:\Users\ASUS\.m2\repository\org\springframework\boot\spring-boot-security\4.0.5\spring-boot-security-4.0.5.jar;C:\Users\ASUS\.m2\repository\org\springframework\security\spring-security-config\7.0.4\spring-security-config-7.0.4.jar;C:\Users\ASUS\.m2\repository\org\springframework\security\spring-security-core\7.0.4\spring-security-core-7.0.4.jar;C:\Users\ASUS\.m2\repository\org\springframework\security\spring-security-crypto\7.0.4\spring-security-crypto-7.0.4.jar;C:\Users\ASUS\.m2\repository\org\springframework\security\spring-security-web\7.0.4\spring-security-web-7.0.4.jar;C:\Users\ASUS\.m2\repository\org\springframework\spring-expression\7.0.6\spring-expression-7.0.6.jar;C:\Users\ASUS\.m2\repository\org\springframework\spring-aop\7.0.6\spring-aop-7.0.6.jar;C:\Users\ASUS\.m2\repository\org\springframework\spring-beans\7.0.6\spring-beans-7.0.6.jar;C:\Users\ASUS\.m2\repository\org\springframework\spring-core\7.0.6\spring-core-7.0.6.jar;C:\Users\ASUS\.m2\repository\org\springframework\boot\spring-boot-starter-webmvc\4.0.5\spring-boot-starter-webmvc-4.0.5.jar;C:\Users\ASUS\.m2\repository\org\springframework\boot\spring-boot-starter-jackson\4.0.5\spring-boot-starter-jackson-4.0.5.jar;C:\Users\ASUS\.m2\repository\org\springframework\boot\spring-boot-jackson\4.0.5\spring-boot-jackson-4.0.5.jar;C:\Users\ASUS\.m2\repository\org\springframework\boot\spring-boot-starter-tomcat\4.0.5\spring-boot-starter-tomcat-4.0.5.jar;C:\Users\ASUS\.m2\repository\org\springframework\boot\spring-boot-starter-tomcat-runtime\4.0.5\spring-boot-starter-tomcat-runtime-4.0.5.jar;C:\Users\ASUS\.m2\repository\org\apache\tomcat\embed\tomcat-embed-core\11.0.20\tomcat-embed-core-11.0.20.jar;C:\Users\ASUS\.m2\repository\org\apache\tomcat\embed\tomcat-embed-el\11.0.20\tomcat-embed-el-11.0.20.jar;C:\Users\ASUS\.m2\repository\org\apache\tomcat\embed\tomcat-embed-websocket\11.0.20\tomcat-embed-websocket-11.0.20.jar;C:\Users\ASUS\.m2\repository\org\springframework\boot\spring-boot-tomcat\4.0.5\spring-boot-tomcat-4.0.5.jar;C:\Users\ASUS\.m2\repository\org\springframework\boot\spring-boot-http-converter\4.0.5\spring-boot-http-converter-4.0.5.jar;C:\Users\ASUS\.m2\repository\org\springframework\spring-web\7.0.6\spring-web-7.0.6.jar;C:\Users\ASUS\.m2\repository\io\micrometer\micrometer-observation\1.16.4\micrometer-observation-1.16.4.jar;C:\Users\ASUS\.m2\repository\io\micrometer\micrometer-commons\1.16.4\micrometer-commons-1.16.4.jar;C:\Users\ASUS\.m2\repository\org\springframework\boot\spring-boot-webmvc\4.0.5\spring-boot-webmvc-4.0.5.jar;C:\Users\ASUS\.m2\repository\org\springframework\boot\spring-boot-servlet\4.0.5\spring-boot-servlet-4.0.5.jar;C:\Users\ASUS\.m2\repository\org\springframework\spring-webmvc\7.0.6\spring-webmvc-7.0.6.jar;C:\Users\ASUS\.m2\repository\org\springframework\boot\spring-boot-starter-websocket\4.0.5\spring-boot-starter-websocket-4.0.5.jar;C:\Users\ASUS\.m2\repository\org\springframework\boot\spring-boot-websocket\4.0.5\spring-boot-websocket-4.0.5.jar;C:\Users\ASUS\.m2\repository\org\springframework\spring-messaging\7.0.6\spring-messaging-7.0.6.jar;C:\Users\ASUS\.m2\repository\org\springframework\spring-websocket\7.0.6\spring-websocket-7.0.6.jar;C:\Users\ASUS\.m2\repository\org\springframework\modulith\spring-modulith-starter-core\2.0.5\spring-modulith-starter-core-2.0.5.jar;C:\Users\ASUS\.m2\repository\org\springframework\modulith\spring-modulith-api\2.0.5\spring-modulith-api-2.0.5.jar;C:\Users\ASUS\.m2\repository\org\jspecify\jspecify\1.0.0\jspecify-1.0.0.jar;C:\Users\ASUS\.m2\repository\org\springframework\modulith\spring-modulith-apt\2.0.5\spring-modulith-apt-2.0.5.jar;C:\Users\ASUS\.m2\repository\org\springframework\modulith\spring-modulith-core\2.0.5\spring-modulith-core-2.0.5.jar;C:\Users\ASUS\.m2\repository\com\tngtech\archunit\archunit\1.4.1\archunit-1.4.1.jar;C:\Users\ASUS\.m2\repository\org\springframework\spring-context\7.0.6\spring-context-7.0.6.jar;C:\Users\ASUS\.m2\repository\org\springframework\modulith\spring-modulith-moments\2.0.5\spring-modulith-moments-2.0.5.jar;C:\Users\ASUS\.m2\repository\org\jmolecules\jmolecules-events\2.0.1\jmolecules-events-2.0.1.jar;C:\Users\ASUS\.m2\repository\org\jmolecules\jstereotype\2.0.1\jstereotype-2.0.1.jar;C:\Users\ASUS\.m2\repository\org\springframework\modulith\spring-modulith-starter-jpa\2.0.5\spring-modulith-starter-jpa-2.0.5.jar;C:\Users\ASUS\.m2\repository\org\springframework\modulith\spring-modulith-events-api\2.0.5\spring-modulith-events-api-2.0.5.jar;C:\Users\ASUS\.m2\repository\org\springframework\spring-tx\7.0.6\spring-tx-7.0.6.jar;C:\Users\ASUS\.m2\repository\org\springframework\modulith\spring-modulith-events-core\2.0.5\spring-modulith-events-core-2.0.5.jar;C:\Users\ASUS\.m2\repository\org\slf4j\jcl-over-slf4j\2.0.17\jcl-over-slf4j-2.0.17.jar;C:\Users\ASUS\.m2\repository\org\springframework\modulith\spring-modulith-events-jackson\2.0.5\spring-modulith-events-jackson-2.0.5.jar;C:\Users\ASUS\.m2\repository\tools\jackson\core\jackson-databind\3.1.0\jackson-databind-3.1.0.jar;C:\Users\ASUS\.m2\repository\tools\jackson\core\jackson-core\3.1.0\jackson-core-3.1.0.jar;C:\Users\ASUS\.m2\repository\org\springframework\modulith\spring-modulith-events-jpa\2.0.5\spring-modulith-events-jpa-2.0.5.jar;C:\Users\ASUS\.m2\repository\jakarta\persistence\jakarta.persistence-api\3.2.0\jakarta.persistence-api-3.2.0.jar;C:\Users\ASUS\.m2\repository\com\google\firebase\firebase-admin\9.2.0\firebase-admin-9.2.0.jar;C:\Users\ASUS\.m2\repository\com\google\api-client\google-api-client\2.2.0\google-api-client-2.2.0.jar;C:\Users\ASUS\.m2\repository\commons-codec\commons-codec\1.19.0\commons-codec-1.19.0.jar;C:\Users\ASUS\.m2\repository\com\google\oauth-client\google-oauth-client\1.34.1\google-oauth-client-1.34.1.jar;C:\Users\ASUS\.m2\repository\com\google\http-client\google-http-client-gson\1.42.3\google-http-client-gson-1.42.3.jar;C:\Users\ASUS\.m2\repository\com\google\http-client\google-http-client-apache-v2\1.42.3\google-http-client-apache-v2-1.42.3.jar;C:\Users\ASUS\.m2\repository\org\apache\httpcomponents\httpcore\4.4.16\httpcore-4.4.16.jar;C:\Users\ASUS\.m2\repository\org\apache\httpcomponents\httpclient\4.5.14\httpclient-4.5.14.jar;C:\Users\ASUS\.m2\repository\com\google\api-client\google-api-client-gson\2.2.0\google-api-client-gson-2.2.0.jar;C:\Users\ASUS\.m2\repository\com\google\http-client\google-http-client\1.43.1\google-http-client-1.43.1.jar;C:\Users\ASUS\.m2\repository\com\google\code\findbugs\jsr305\3.0.2\jsr305-3.0.2.jar;C:\Users\ASUS\.m2\repository\com\google\errorprone\error_prone_annotations\2.18.0\error_prone_annotations-2.18.0.jar;C:\Users\ASUS\.m2\repository\com\google\j2objc\j2objc-annotations\1.3\j2objc-annotations-1.3.jar;C:\Users\ASUS\.m2\repository\io\opencensus\opencensus-api\0.31.1\opencensus-api-0.31.1.jar;C:\Users\ASUS\.m2\repository\io\opencensus\opencensus-contrib-http-util\0.31.1\opencensus-contrib-http-util-0.31.1.jar;C:\Users\ASUS\.m2\repository\com\google\api\api-common\2.12.0\api-common-2.12.0.jar;C:\Users\ASUS\.m2\repository\com\google\auto\value\auto-value-annotations\1.10.1\auto-value-annotations-1.10.1.jar;C:\Users\ASUS\.m2\repository\javax\annotation\javax.annotation-api\1.3.2\javax.annotation-api-1.3.2.jar;C:\Users\ASUS\.m2\repository\com\google\auth\google-auth-library-oauth2-http\1.17.0\google-auth-library-oauth2-http-1.17.0.jar;C:\Users\ASUS\.m2\repository\com\google\auth\google-auth-library-credentials\1.17.0\google-auth-library-credentials-1.17.0.jar;C:\Users\ASUS\.m2\repository\com\google\cloud\google-cloud-storage\2.22.4\google-cloud-storage-2.22.4.jar;C:\Users\ASUS\.m2\repository\com\google\guava\failureaccess\1.0.1\failureaccess-1.0.1.jar;C:\Users\ASUS\.m2\repository\com\google\guava\listenablefuture\9999.0-empty-to-avoid-conflict-with-guava\listenablefuture-9999.0-empty-to-avoid-conflict-with-guava.jar;C:\Users\ASUS\.m2\repository\com\google\http-client\google-http-client-jackson2\1.43.1\google-http-client-jackson2-1.43.1.jar;C:\Users\ASUS\.m2\repository\com\google\apis\google-api-services-storage\v1-rev20230301-2.0.0\google-api-services-storage-v1-rev20230301-2.0.0.jar;C:\Users\ASUS\.m2\repository\com\google\code\gson\gson\2.13.2\gson-2.13.2.jar;C:\Users\ASUS\.m2\repository\com\google\cloud\google-cloud-core\2.19.0\google-cloud-core-2.19.0.jar;C:\Users\ASUS\.m2\repository\com\google\cloud\google-cloud-core-http\2.19.0\google-cloud-core-http-2.19.0.jar;C:\Users\ASUS\.m2\repository\com\google\http-client\google-http-client-appengine\1.43.1\google-http-client-appengine-1.43.1.jar;C:\Users\ASUS\.m2\repository\com\google\api\gax-httpjson\0.114.0\gax-httpjson-0.114.0.jar;C:\Users\ASUS\.m2\repository\com\google\cloud\google-cloud-core-grpc\2.19.0\google-cloud-core-grpc-2.19.0.jar;C:\Users\ASUS\.m2\repository\com\google\api\gax\2.29.0\gax-2.29.0.jar;C:\Users\ASUS\.m2\repository\com\google\api\gax-grpc\2.29.0\gax-grpc-2.29.0.jar;C:\Users\ASUS\.m2\repository\io\grpc\grpc-alts\1.55.1\grpc-alts-1.55.1.jar;C:\Users\ASUS\.m2\repository\io\grpc\grpc-grpclb\1.55.1\grpc-grpclb-1.55.1.jar;C:\Users\ASUS\.m2\repository\org\conscrypt\conscrypt-openjdk-uber\2.5.2\conscrypt-openjdk-uber-2.5.2.jar;C:\Users\ASUS\.m2\repository\io\grpc\grpc-auth\1.55.1\grpc-auth-1.55.1.jar;C:\Users\ASUS\.m2\repository\io\grpc\grpc-protobuf\1.55.1\grpc-protobuf-1.55.1.jar;C:\Users\ASUS\.m2\repository\io\grpc\grpc-protobuf-lite\1.55.1\grpc-protobuf-lite-1.55.1.jar;C:\Users\ASUS\.m2\repository\io\grpc\grpc-context\1.55.1\grpc-context-1.55.1.jar;C:\Users\ASUS\.m2\repository\com\google\api\grpc\proto-google-iam-v1\1.15.0\proto-google-iam-v1-1.15.0.jar;C:\Users\ASUS\.m2\repository\com\google\protobuf\protobuf-java\3.23.2\protobuf-java-3.23.2.jar;C:\Users\ASUS\.m2\repository\com\google\protobuf\protobuf-java-util\3.23.2\protobuf-java-util-3.23.2.jar;C:\Users\ASUS\.m2\repository\com\google\api\grpc\proto-google-common-protos\2.20.0\proto-google-common-protos-2.20.0.jar;C:\Users\ASUS\.m2\repository\org\threeten\threetenbp\1.6.8\threetenbp-1.6.8.jar;C:\Users\ASUS\.m2\repository\com\google\api\grpc\proto-google-cloud-storage-v2\2.22.4-alpha\proto-google-cloud-storage-v2-2.22.4-alpha.jar;C:\Users\ASUS\.m2\repository\com\google\api\grpc\grpc-google-cloud-storage-v2\2.22.4-alpha\grpc-google-cloud-storage-v2-2.22.4-alpha.jar;C:\Users\ASUS\.m2\repository\com\google\api\grpc\gapic-google-cloud-storage-v2\2.22.4-alpha\gapic-google-cloud-storage-v2-2.22.4-alpha.jar;C:\Users\ASUS\.m2\repository\com\fasterxml\jackson\core\jackson-core\2.21.2\jackson-core-2.21.2.jar;C:\Users\ASUS\.m2\repository\io\grpc\grpc-api\1.55.1\grpc-api-1.55.1.jar;C:\Users\ASUS\.m2\repository\io\grpc\grpc-netty-shaded\1.55.1\grpc-netty-shaded-1.55.1.jar;C:\Users\ASUS\.m2\repository\io\perfmark\perfmark-api\0.26.0\perfmark-api-0.26.0.jar;C:\Users\ASUS\.m2\repository\io\grpc\grpc-core\1.55.1\grpc-core-1.55.1.jar;C:\Users\ASUS\.m2\repository\com\google\android\annotations\4.1.1.4\annotations-4.1.1.4.jar;C:\Users\ASUS\.m2\repository\org\codehaus\mojo\animal-sniffer-annotations\1.23\animal-sniffer-annotations-1.23.jar;C:\Users\ASUS\.m2\repository\io\grpc\grpc-stub\1.55.1\grpc-stub-1.55.1.jar;C:\Users\ASUS\.m2\repository\io\grpc\grpc-googleapis\1.55.1\grpc-googleapis-1.55.1.jar;C:\Users\ASUS\.m2\repository\io\grpc\grpc-xds\1.55.1\grpc-xds-1.55.1.jar;C:\Users\ASUS\.m2\repository\io\opencensus\opencensus-proto\0.2.0\opencensus-proto-0.2.0.jar;C:\Users\ASUS\.m2\repository\io\grpc\grpc-services\1.55.1\grpc-services-1.55.1.jar;C:\Users\ASUS\.m2\repository\com\google\re2j\re2j\1.6\re2j-1.6.jar;C:\Users\ASUS\.m2\repository\io\grpc\grpc-rls\1.55.1\grpc-rls-1.55.1.jar;C:\Users\ASUS\.m2\repository\com\google\cloud\google-cloud-firestore\3.13.0\google-cloud-firestore-3.13.0.jar;C:\Users\ASUS\.m2\repository\commons-logging\commons-logging\1.3.6\commons-logging-1.3.6.jar;C:\Users\ASUS\.m2\repository\com\google\api\grpc\proto-google-cloud-firestore-v1\3.13.0\proto-google-cloud-firestore-v1-3.13.0.jar;C:\Users\ASUS\.m2\repository\com\google\cloud\proto-google-cloud-firestore-bundle-v1\3.13.0\proto-google-cloud-firestore-bundle-v1-3.13.0.jar;C:\Users\ASUS\.m2\repository\io\opencensus\opencensus-contrib-grpc-util\0.31.1\opencensus-contrib-grpc-util-0.31.1.jar;C:\Users\ASUS\.m2\repository\com\google\guava\guava\31.1-jre\guava-31.1-jre.jar;C:\Users\ASUS\.m2\repository\org\slf4j\slf4j-api\2.0.17\slf4j-api-2.0.17.jar;C:\Users\ASUS\.m2\repository\io\netty\netty-codec-http\4.2.12.Final\netty-codec-http-4.2.12.Final.jar;C:\Users\ASUS\.m2\repository\io\netty\netty-common\4.2.12.Final\netty-common-4.2.12.Final.jar;C:\Users\ASUS\.m2\repository\io\netty\netty-buffer\4.2.12.Final\netty-buffer-4.2.12.Final.jar;C:\Users\ASUS\.m2\repository\io\netty\netty-codec-base\4.2.12.Final\netty-codec-base-4.2.12.Final.jar;C:\Users\ASUS\.m2\repository\io\netty\netty-codec-compression\4.2.12.Final\netty-codec-compression-4.2.12.Final.jar;C:\Users\ASUS\.m2\repository\io\netty\netty-handler\4.2.12.Final\netty-handler-4.2.12.Final.jar;C:\Users\ASUS\.m2\repository\io\netty\netty-resolver\4.2.12.Final\netty-resolver-4.2.12.Final.jar;C:\Users\ASUS\.m2\repository\io\netty\netty-transport-native-unix-common\4.2.12.Final\netty-transport-native-unix-common-4.2.12.Final.jar;C:\Users\ASUS\.m2\repository\io\netty\netty-transport\4.2.12.Final\netty-transport-4.2.12.Final.jar;C:\Users\ASUS\.m2\repository\org\postgresql\postgresql\42.7.10\postgresql-42.7.10.jar;C:\Users\ASUS\.m2\repository\org\checkerframework\checker-qual\3.52.0\checker-qual-3.52.0.jar;C:\Users\ASUS\.m2\repository\org\projectlombok\lombok\1.18.44\lombok-1.18.44.jar;C:\Users\ASUS\.m2\repository\jakarta\xml\bind\jakarta.xml.bind-api\4.0.4\jakarta.xml.bind-api-4.0.4.jar;C:\Users\ASUS\.m2\repository\jakarta\activation\jakarta.activation-api\2.1.4\jakarta.activation-api-2.1.4.jar;C:\Users\ASUS\.m2\repository\net\bytebuddy\byte-buddy\1.17.8\byte-buddy-1.17.8.jar;C:\Users\ASUS\.m2\repository\org\springframework\boot\spring-boot-web-server\4.0.5\spring-boot-web-server-4.0.5.jar;C:\Users\ASUS\.m2\repository\io\jsonwebtoken\jjwt-api\0.11.5\jjwt-api-0.11.5.jar;C:\Users\ASUS\.m2\repository\io\jsonwebtoken\jjwt-impl\0.11.5\jjwt-impl-0.11.5.jar;C:\Users\ASUS\.m2\repository\io\jsonwebtoken\jjwt-jackson\0.11.5\jjwt-jackson-0.11.5.jar;C:\Users\ASUS\.m2\repository\com\fasterxml\jackson\core\jackson-databind\2.21.2\jackson-databind-2.21.2.jar;C:\Users\ASUS\.m2\repository\com\fasterxml\jackson\core\jackson-annotations\2.21\jackson-annotations-2.21.jar;C:\Users\ASUS\.m2\repository\jakarta\validation\jakarta.validation-api\3.1.1\jakarta.validation-api-3.1.1.jar;C:\Users\ASUS\.m2\repository\com\cloudinary\cloudinary-http5\2.0.0\cloudinary-http5-2.0.0.jar;C:\Users\ASUS\.m2\repository\com\cloudinary\cloudinary-core\2.0.0\cloudinary-core-2.0.0.jar;C:\Users\ASUS\.m2\repository\org\apache\commons\commons-lang3\3.19.0\commons-lang3-3.19.0.jar;C:\Users\ASUS\.m2\repository\org\apache\httpcomponents\client5\httpclient5\5.5.2\httpclient5-5.5.2.jar;C:\Users\ASUS\.m2\repository\org\apache\httpcomponents\core5\httpcore5-h2\5.3.6\httpcore5-h2-5.3.6.jar;C:\Users\ASUS\.m2\repository\org\apache\httpcomponents\core5\httpcore5\5.3.6\httpcore5-5.3.6.jar;C:\Users\ASUS\.m2\repository\org\springframework\boot\spring-boot-starter-restclient\4.0.5\spring-boot-starter-restclient-4.0.5.jar;C:\Users\ASUS\.m2\repository\org\springframework\boot\spring-boot-restclient\4.0.5\spring-boot-restclient-4.0.5.jar;C:\Users\ASUS\.m2\repository\org\springframework\boot\spring-boot-http-client\4.0.5\spring-boot-http-client-4.0.5.jar;C:\Users\ASUS\.m2\repository\org\springdoc\springdoc-openapi-starter-webmvc-ui\3.0.2\springdoc-openapi-starter-webmvc-ui-3.0.2.jar;C:\Users\ASUS\.m2\repository\org\springdoc\springdoc-openapi-starter-webmvc-api\3.0.2\springdoc-openapi-starter-webmvc-api-3.0.2.jar;C:\Users\ASUS\.m2\repository\org\springdoc\springdoc-openapi-starter-common\3.0.2\springdoc-openapi-starter-common-3.0.2.jar;C:\Users\ASUS\.m2\repository\org\springframework\boot\spring-boot-validation\4.0.5\spring-boot-validation-4.0.5.jar;C:\Users\ASUS\.m2\repository\org\hibernate\validator\hibernate-validator\9.0.1.Final\hibernate-validator-9.0.1.Final.jar;C:\Users\ASUS\.m2\repository\io\swagger\core\v3\swagger-core-jakarta\2.2.43\swagger-core-jakarta-2.2.43.jar;C:\Users\ASUS\.m2\repository\io\swagger\core\v3\swagger-annotations-jakarta\2.2.43\swagger-annotations-jakarta-2.2.43.jar;C:\Users\ASUS\.m2\repository\io\swagger\core\v3\swagger-models-jakarta\2.2.43\swagger-models-jakarta-2.2.43.jar;C:\Users\ASUS\.m2\repository\com\fasterxml\jackson\dataformat\jackson-dataformat-yaml\2.21.2\jackson-dataformat-yaml-2.21.2.jar;C:\Users\ASUS\.m2\repository\com\fasterxml\jackson\datatype\jackson-datatype-jsr310\2.21.2\jackson-datatype-jsr310-2.21.2.jar;C:\Users\ASUS\.m2\repository\org\webjars\swagger-ui\5.32.0\swagger-ui-5.32.0.jar;C:\Users\ASUS\.m2\repository\org\webjars\webjars-locator-lite\1.1.3\webjars-locator-lite-1.1.3.jar
Launcher Type: SUN_STANDARD

[Global flags]
     intx CICompilerCount                          = 4                                         {product} {ergonomic}
     uint ConcGCThreads                            = 3                                         {product} {ergonomic}
     uint G1ConcRefinementThreads                  = 10                                        {product} {ergonomic}
   size_t G1HeapRegionSize                         = 4194304                                   {product} {ergonomic}
    uintx GCDrainStackTargetSize                   = 64                                        {product} {ergonomic}
   size_t InitialHeapSize                          = 398458880                                 {product} {ergonomic}
     bool ManagementServer                         = true                                      {product} {command line}
   size_t MarkStackSize                            = 4194304                                   {product} {ergonomic}
   size_t MaxHeapSize                              = 6371147776                                {product} {ergonomic}
   size_t MinHeapDeltaBytes                        = 4194304                                   {product} {ergonomic}
   size_t MinHeapSize                              = 8388608                                   {product} {ergonomic}
    uintx NonNMethodCodeHeapSize                   = 4096                                   {pd product} {ergonomic}
    uintx NonProfiledCodeHeapSize                  = 0                                      {pd product} {ergonomic}
     bool ProfileInterpreter                       = false                                  {pd product} {command line}
    uintx ProfiledCodeHeapSize                     = 0                                      {pd product} {ergonomic}
   size_t SoftMaxHeapSize                          = 6371147776                             {manageable} {ergonomic}
     intx TieredStopAtLevel                        = 1                                         {product} {command line}
     bool UseCompressedOops                        = true                           {product lp64_product} {ergonomic}
     bool UseG1GC                                  = true                                      {product} {ergonomic}
     bool UseLargePagesIndividualAllocation        = false                                  {pd product} {ergonomic}

Logging:
Log output configuration:
 #0: stdout all=warning uptime,level,tags foldmultilines=false
 #1: stderr all=off uptime,level,tags foldmultilines=false

Environment Variables:
JAVA_HOME=C:\Program Files\Java\jdk-21
PATH=D:\NVIDIA GPU Computing Toolkit\bin;D:\NVIDIA GPU Computing Toolkit\libnvvp;C:\Program Files (x86)\VMware\VMware Workstation\bin\;C:\Program Files\Common Files\Oracle\Java\javapath;C:\Program Files (x86)\Common Files\Oracle\Java\javapath;C:\Windows\system32;C:\Windows;C:\Windows\System32\Wbem;C:\Windows\System32\WindowsPowerShell\v1.0\;C:\Windows\System32\OpenSSH\;C:\ProgramData\chocolatey\bin;C:\Program Files\Git\cmd;C:\MinGW\bin;C:\Program Files\dotnet\;C:\Program Files\Microsoft SQL Server\150\Tools\Binn\;C:\Program Files\Cloudflare\Cloudflare WARP\;C:\Program Files\Java\jdk-21\bin;C:\xampp\php;C:\ProgramData\ComposerSetup\bin;C:\Program Files (x86)\NVIDIA Corporation\PhysX\Common;C:\Program Files\NVIDIA Corporation\NVIDIA app\NvDLISR;C:\Program Files\Microsoft SQL Server\Client SDK\ODBC\170\Tools\Binn\;C:\Program Files (x86)\Microsoft SQL Server\150\Tools\Binn\;C:\Program Files\Microsoft SQL Server\150\DTS\Binn\;C:\Users\ASUS\AppData\Local\nvm;C:\Program Files\nodejs;C:\Program Files\Tesseract-OCR;C:\Users\ASUS\AppData\Local\Android\Sdk\cmdline-tools\latest\bin;C:\Users\ASUS\AppData\Local\Android\Sdk\emulator;C:\WINDOWS\system32;C:\WINDOWS;C:\WINDOWS\System32\Wbem;C:\WINDOWS\System32\WindowsPowerShell\v1.0\;C:\WINDOWS\System32\OpenSSH\;C:\Program Files (x86)\Microsoft Visual Studio\2022\BuildTools\VC\Tools\MSVC\14.44.35207\bin\Hostx64\x64;C:\Program Files\PostgreSQL\15\bin\pg_config.exe;C:\Users\ASUS\AppData\Local\Programs\Python\Python310\Scripts\;C:\Users\ASUS\AppData\Local\Programs\Python\Python310\;C:\Program Files\CMake\bin;C:\Program Files\Docker\Docker\resources\bin;C:\Program Files\NVIDIA Corporation\Nsight Compute 2025.1.0\;C:\Program Files (x86)\Microsoft SQL Server\170\Tools\Binn\;C:\Program Files\Microsoft SQL Server\170\Tools\Binn\;C:\Program Files\Microsoft SQL Server\Client SDK\ODBC\180\Tools\Binn\;C:\Program Files\Microsoft SQL Server\170\DTS\Binn\;C:\Program Files\Microsoft SQL Server\140\DTS\Binn\;C:\Program Files\Microsoft SQL Server\160\DTS\Binn\;D:\Tesseract-OCR;;C:\Program Files\Streamlink\bin;C:\Program Files (x86)\cloudflared\;C:\Users\ASUS\.local\bin;C:\Users\ASUS\AppData\Local\Programs\Python\Python310\Scripts\;C:\Users\ASUS\AppData\Local\Programs\Python\Python310\;C:\Users\ASUS\AppData\Local\Programs\oh-my-posh\bin\;C:\Users\ASUS\AppData\Local\Microsoft\WindowsApps;D:\Microsoft VS Code\bin;C:\Users\ASUS\AppData\Roaming\npm;C:\Users\ASUS\AppData\Local\Programs\oh-my-posh\bin;C:\Users\ASUS\AppData\Local\Programs\mongosh\;C:\Users\ASUS\.dotnet\tools;D:\IntelliJ IDEA 2024.1\bin;C:\Users\ASUS\AppData\Roaming\Python\Python312\Scripts\gif-for-cli.exe;C:\Users\ASUS\AppData\Local\GitHubDesktop\bin;D:\JetBrains Rider 2024.2\bin;D:\PhpStorm 2024.2.3\bin;C:\Users\ASUS\AppData\Roaming\Composer\vendor\bin;C:\Users\ASUS\AppData\Local\nvm;C:\nvm4w\nodejs;C:\flutter\bin;C:\Users\ASUS\AppData\Local\spicetify;C:\Program Files\PostgreSQL\15\bin\pg_config.exe;C:\Users\ASUS\AppData\Local\nvm;C:\Program Files\nodejs;D:\Antigravity\bin;C:\Users\ASUS\.grok\bin;D:\Antigravity IDE\bin;C:\Users\ASUS\AppData\Local\Microsoft\WinGet\Links;
USERNAME=ASUS
OS=Windows_NT
PROCESSOR_IDENTIFIER=Intel64 Family 6 Model 141 Stepping 1, GenuineIntel
TMP=C:\Users\ASUS\AppData\Local\Temp
TEMP=C:\Users\ASUS\AppData\Local\Temp




Periodic native trim disabled

---------------  S Y S T E M  ---------------

OS:
 Windows 11 , 64 bit Build 26100 (10.0.26100.4484)
OS uptime: 0 days 7:02 hours
Hyper-V role detected

CPU: total 12 (initial active 12) (6 cores per cpu, 2 threads per core) family 6 model 141 stepping 1 microcode 0x34, cx8, cmov, fxsr, ht, mmx, 3dnowpref, sse, sse2, sse3, ssse3, sse4.1, sse4.2, popcnt, lzcnt, tsc, tscinvbit, avx, avx2, aes, erms, clmul, bmi1, bmi2, adx, avx512f, avx512dq, avx512cd, avx512bw, avx512vl, sha, fma, vzeroupper, avx512_vpopcntdq, avx512_vpclmulqdq, avx512_vaes, avx512_vnni, clflush, clflushopt, clwb, avx512_vbmi2, avx512_vbmi, hv, rdtscp, rdpid, fsrm, gfni, avx512_bitalg, f16c, cet_ibt, cet_ss, avx512_ifma
Processor Information for all 12 processors :
  Max Mhz: 2688, Current Mhz: 2688, Mhz Limit: 2688

Memory: 4k page, system-wide physical 24297M (1097M free)
TotalPageFile size 36585M (AvailPageFile size 0M)
current process WorkingSet (physical memory assigned to process): 13M, peak: 13M
current process commit charge ("private bytes"): 440M, peak: 446M

vm_info: Java HotSpot(TM) 64-Bit Server VM (21.0.2+13-LTS-58) for windows-amd64 JRE (21.0.2+13-LTS-58), built on 2024-01-05T18:32:24Z by "mach5one" with MS VC++ 17.1 (VS2022)

END.
